W0706 08:58:15.207000 16952 Lib\site-packages\torch\utils\flop_counter.py:29] triton not found; flop counting will not work for triton kernels
Seed set to 42
Using 16bit Automatic Mixed Precision (AMP)
GPU available: True (cuda), used: True
TPU available: False, using: 0 TPU cores
\U0001f4a1 Tip: For seamless cloud logging and experiment tracking, try installing [litlogger](https://pypi.org/project/litlogger/) to enable LitLogger, which logs metrics and artifacts automatically to the Lightning Experiments platform.
wandb: WARNING The anonymous setting has no effect and will be removed in a future version.
wandb: [wandb.login()] Loaded credentials for https://api.wandb.ai from C:\Users\MEVATERAPIA_USR\_netrc.
wandb: Currently logged in as: pablo-aberbuj (pablo-aberbuj-mevaterapia-oncolog-a-radiante) to https://api.wandb.ai. Use `wandb login --relogin` to force relogin
wandb: setting up run zvu8rkw3
wandb: Tracking run with wandb version 0.27.2
wandb: Run data is saved locally in lightning_logs\wandb\run-20260706_085821-zvu8rkw3
wandb: Run `wandb offline` to turn off syncing.
wandb: Syncing run exp006_moment_loss
wandb:  View project at https://wandb.ai/pablo-aberbuj-mevaterapia-oncolog-a-radiante/prostate-dose-prediction
wandb:  View run at https://wandb.ai/pablo-aberbuj-mevaterapia-oncolog-a-radiante/prostate-dose-prediction/runs/zvu8rkw3
C:\Pablo\ProstateDoseProject\repo\.venv\Lib\site-packages\pytorch_lightning\callbacks\model_checkpoint.py:881: Checkpoint directory C:\Pablo\ProstateDoseProject\repo\checkpoints\exp006_moment_loss exists and is not empty.
Restoring states from the checkpoint path at checkpoints/exp006_moment_loss/last.ckpt
LOCAL_RANK: 0 - CUDA_VISIBLE_DEVICES: [0]
C:\Pablo\ProstateDoseProject\repo\.venv\Lib\site-packages\pytorch_lightning\utilities\model_summary\model_summary.py:242: Precision 16-mixed is not supported by the model summary.  Estimated model size in MB will not be accurate. Using 32 bits instead.
[DataModule] n_slices fijo para padding: 80
[DataModule] Sin cache — carga desde disco por batch (compute-bound, <3% overhead)
[DataModule] Train: 265, Val: 60, Test: 60
+-----------------------------------------------------+
|   | Name    | Type         | Params | Mode  | FLOPs |
|---+---------+--------------+--------+-------+-------|
| 0 | model   | UNet2D       |  1.8 M | train |     0 |
| 1 | loss_fn | CombinedLoss |      0 | train |     0 |
+-----------------------------------------------------+
Trainable params: 1.8 M                                                        
Non-trainable params: 0                                                        
Total params: 1.8 M                                                            
Total estimated model params size (MB): 7.249                                  
Modules in train mode: 112                                                     
Modules in eval mode: 0                                                        
Total FLOPs: 0                                                                 
Restored all states from the checkpoint at checkpoints/exp006_moment_loss/last.ckpt
C:\Pablo\ProstateDoseProject\repo\.venv\Lib\site-packages\pytorch_lightning\utilities\_pytree.py:21: `isinstance(treespec, LeafSpec)` is deprecated, use `isinstance(treespec, TreeSpec) and treespec.is_leaf()` instead.
C:\Pablo\ProstateDoseProject\repo\.venv\Lib\site-packages\pytorch_lightning\trainer\connectors\data_connector.py:434: The 'val_dataloader' does not have many workers which may be a bottleneck. Consider increasing the value of the `num_workers` argument` to `num_workers=23` in the `DataLoader` to improve performance.
C:\Pablo\ProstateDoseProject\repo\.venv\Lib\site-packages\pytorch_lightning\trainer\connectors\data_connector.py:434: The 'train_dataloader' does not have many workers which may be a bottleneck. Consider increasing the value of the `num_workers` argument` to `num_workers=23` in the `DataLoader` to improve performance.
Metric val/mae improved by 0.054 >= min_delta = 0.0. New best score: 1.974
Metric val/mae improved by 0.028 >= min_delta = 0.0. New best score: 1.946
Metric val/mae improved by 0.000 >= min_delta = 0.0. New best score: 1.946
Metric val/mae improved by 0.008 >= min_delta = 0.0. New best score: 1.937
Metric val/mae improved by 0.005 >= min_delta = 0.0. New best score: 1.932
Metric val/mae improved by 0.002 >= min_delta = 0.0. New best score: 1.930
Metric val/mae improved by 0.016 >= min_delta = 0.0. New best score: 1.914
Monitored metric val/mae did not improve in the last 30 records. Best score: 1.914. Signaling Trainer to stop.
Epoch 172/199 --------------- 265/265 0:08:01 •       0.55it/s v_num: rkw3     
                                      0:00:00                  val/loss: 1.959 
                                                               val/mae: 1.925  
                                                               val/dvh_score:  
                                                               1.314           
                                                               train/loss:     
                                                               1.703 train/mae:
                                                               1.690           
[1;34mwandb[0m: 
[1;34mwandb[0m: ðŸš€ View run [33mexp006_moment_loss[0m at: [34mhttps://wandb.ai/pablo-aberbuj-mevaterapia-oncolog-a-radiante/prostate-dose-prediction/runs/zvu8rkw3[0m
